2025-06-01 19:47:42,345 INFO:[31m[1mWARNING: This is a development server. Do not use it in a production deployment. Use a production WSGI server instead.[0m
 * Running on all addresses (0.0.0.0)
 * Running on http://127.0.0.1:8080
 * Running on http://192.168.1.186:8080
2025-06-01 19:47:42,346 INFO:[33mPress CTRL+C to quit[0m
2025-06-01 19:48:46,535 INFO:Testing API calls with load_date=2025-06-01
2025-06-01 19:48:46,535 INFO:Scheduling NFL Teams API Call to run with load_date=2025-06-01
2025-06-01 19:48:46,535 INFO:Running NFL Teams API Call API call with load_date=2025-06-01
2025-06-01 19:48:50,821 INFO:Fetched team data for 2025-06-01.
2025-06-01 19:48:50,860 INFO:Saved raw API response to nfl_teams_raw_response_2025-06-01.json
2025-06-01 19:48:50,865 INFO:API flatten response shape: (32, 123)
2025-06-01 19:48:50,866 INFO:Detected 32 unique teams in the API response.
2025-06-01 19:48:50,871 INFO:Processed 192 rows for Team Info.
2025-06-01 19:48:50,874 INFO:Processed 96 rows for Bye Weeks.
2025-06-01 19:48:50,885 INFO:Static fields processed. DataFrame head:
   teamID    Level2         Value     Level1 PlayerID    dataDate
0       1  teamName     Cardinals  Team Info     None  2025-06-01
1       2  teamName       Falcons  Team Info     None  2025-06-01
2       3  teamName        Ravens  Team Info     None  2025-06-01
3       4  teamName         Bills  Team Info     None  2025-06-01
4       5  teamName      Panthers  Team Info     None  2025-06-01
5       6  teamName         Bears  Team Info     None  2025-06-01
6       7  teamName       Bengals  Team Info     None  2025-06-01
7       8  teamName        Browns  Team Info     None  2025-06-01
8       9  teamName       Cowboys  Team Info     None  2025-06-01
9      10  teamName       Broncos  Team Info     None  2025-06-01
10     11  teamName         Lions  Team Info     None  2025-06-01
11     12  teamName       Packers  Team Info     None  2025-06-01
12     13  teamName        Texans  Team Info     None  2025-06-01
13     14  teamName         Colts  Team Info     None  2025-06-01
14     15  teamName       Jaguars  Team Info     None  2025-06-01
15     16  teamName        Chiefs  Team Info     None  2025-06-01
16     17  teamName       Raiders  Team Info     None  2025-06-01
17     18  teamName      Chargers  Team Info     None  2025-06-01
18     19  teamName          Rams  Team Info     None  2025-06-01
19     20  teamName      Dolphins  Team Info     None  2025-06-01
20     21  teamName       Vikings  Team Info     None  2025-06-01
21     22  teamName      Patriots  Team Info     None  2025-06-01
22     23  teamName        Saints  Team Info     None  2025-06-01
23     24  teamName        Giants  Team Info     None  2025-06-01
24     25  teamName          Jets  Team Info     None  2025-06-01
25     26  teamName      Steelers  Team Info     None  2025-06-01
26     27  teamName        Eagles  Team Info     None  2025-06-01
27     28  teamName         49ers  Team Info     None  2025-06-01
28     29  teamName      Seahawks  Team Info     None  2025-06-01
29     30  teamName    Buccaneers  Team Info     None  2025-06-01
30     31  teamName        Titans  Team Info     None  2025-06-01
31     32  teamName    Commanders  Team Info     None  2025-06-01
32      1  teamCity       Arizona  Team Info     None  2025-06-01
33      2  teamCity       Atlanta  Team Info     None  2025-06-01
34      3  teamCity     Baltimore  Team Info     None  2025-06-01
35      4  teamCity       Buffalo  Team Info     None  2025-06-01
36      5  teamCity      Carolina  Team Info     None  2025-06-01
37      6  teamCity       Chicago  Team Info     None  2025-06-01
38      7  teamCity    Cincinnati  Team Info     None  2025-06-01
39      8  teamCity     Cleveland  Team Info     None  2025-06-01
40      9  teamCity        Dallas  Team Info     None  2025-06-01
41     10  teamCity        Denver  Team Info     None  2025-06-01
42     11  teamCity       Detroit  Team Info     None  2025-06-01
43     12  teamCity     Green Bay  Team Info     None  2025-06-01
44     13  teamCity       Houston  Team Info     None  2025-06-01
45     14  teamCity  Indianapolis  Team Info     None  2025-06-01
46     15  teamCity  Jacksonville  Team Info     None  2025-06-01
47     16  teamCity   Kansas City  Team Info     None  2025-06-01
48     17  teamCity     Las Vegas  Team Info     None  2025-06-01
49     18  teamCity   Los Angeles  Team Info     None  2025-06-01
2025-06-01 19:48:50,886 INFO:Static DataFrame shape: (288, 6)
2025-06-01 19:48:50,886 INFO:Starting Processing Team Stats from raw JSON
2025-06-01 19:48:50,886 INFO:Found 32 teams in input
2025-06-01 19:48:50,886 INFO:Processing teamID 1 (ARI)
2025-06-01 19:48:50,886 INFO:Processing teamID 2 (ATL)
2025-06-01 19:48:50,886 INFO:Processing teamID 3 (BAL)
2025-06-01 19:48:50,886 INFO:Processing teamID 4 (BUF)
2025-06-01 19:48:50,886 INFO:Processing teamID 5 (CAR)
2025-06-01 19:48:50,886 INFO:Processing teamID 6 (CHI)
2025-06-01 19:48:50,886 INFO:Processing teamID 7 (CIN)
2025-06-01 19:48:50,886 INFO:Processing teamID 8 (CLE)
2025-06-01 19:48:50,886 INFO:Processing teamID 9 (DAL)
2025-06-01 19:48:50,886 INFO:Processing teamID 10 (DEN)
2025-06-01 19:48:50,886 INFO:Processing teamID 11 (DET)
2025-06-01 19:48:50,886 INFO:Processing teamID 12 (GB)
2025-06-01 19:48:50,886 INFO:Processing teamID 13 (HOU)
2025-06-01 19:48:50,886 INFO:Processing teamID 14 (IND)
2025-06-01 19:48:50,886 INFO:Processing teamID 15 (JAX)
2025-06-01 19:48:50,886 INFO:Processing teamID 16 (KC)
2025-06-01 19:48:50,886 INFO:Processing teamID 17 (LV)
2025-06-01 19:48:50,887 INFO:Processing teamID 18 (LAC)
2025-06-01 19:48:50,887 INFO:Processing teamID 19 (LAR)
2025-06-01 19:48:50,887 INFO:Processing teamID 20 (MIA)
2025-06-01 19:48:50,887 INFO:Processing teamID 21 (MIN)
2025-06-01 19:48:50,887 INFO:Processing teamID 22 (NE)
2025-06-01 19:48:50,887 INFO:Processing teamID 23 (NO)
2025-06-01 19:48:50,887 INFO:Processing teamID 24 (NYG)
2025-06-01 19:48:50,887 INFO:Processing teamID 25 (NYJ)
2025-06-01 19:48:50,887 INFO:Processing teamID 26 (PIT)
2025-06-01 19:48:50,887 INFO:Processing teamID 27 (PHI)
2025-06-01 19:48:50,887 INFO:Processing teamID 28 (SF)
2025-06-01 19:48:50,887 INFO:Processing teamID 29 (SEA)
2025-06-01 19:48:50,887 INFO:Processing teamID 30 (TB)
2025-06-01 19:48:50,887 INFO:Processing teamID 31 (TEN)
2025-06-01 19:48:50,887 INFO:Processing teamID 32 (WSH)
2025-06-01 19:48:50,888 INFO:Processed 1184 team stats across 32 teams.
2025-06-01 19:48:50,896 INFO:Team stats processed. DataFrame head:
   teamID      Level1                          Level2   Value PlayerID    dataDate
0       1  Team Stats                 Rushing.rushYds  2451.0     None  2025-06-01
1       1  Team Stats                 Rushing.carries   463.0     None  2025-06-01
2       1  Team Stats                  Rushing.rushTD    18.0     None  2025-06-01
3       1  Team Stats              Kicking.fgAttempts    38.0     None  2025-06-01
4       1  Team Stats                  Kicking.fgMade    34.0     None  2025-06-01
5       1  Team Stats                  Kicking.xpMade    36.0     None  2025-06-01
6       1  Team Stats                   Kicking.fgYds     0.0     None  2025-06-01
7       1  Team Stats               Kicking.kickYards     0.0     None  2025-06-01
8       1  Team Stats              Kicking.xpAttempts    37.0     None  2025-06-01
9       1  Team Stats            Passing.passAttempts   543.0     None  2025-06-01
10      1  Team Stats                  Passing.passTD    21.0     None  2025-06-01
11      1  Team Stats                 Passing.passYds  3859.0     None  2025-06-01
12      1  Team Stats                     Passing.int    11.0     None  2025-06-01
13      1  Team Stats         Passing.passCompletions   374.0     None  2025-06-01
14      1  Team Stats                 Punting.puntYds  2563.0     None  2025-06-01
15      1  Team Stats                   Punting.punts    54.0     None  2025-06-01
16      1  Team Stats               Punting.puntsin20    20.0     None  2025-06-01
17      1  Team Stats          Punting.puntTouchBacks     2.0     None  2025-06-01
18      1  Team Stats            Receiving.receptions   374.0     None  2025-06-01
19      1  Team Stats                 Receiving.recTD    21.0     None  2025-06-01
20      1  Team Stats               Receiving.targets   523.0     None  2025-06-01
21      1  Team Stats                Receiving.recYds  3859.0     None  2025-06-01
22      1  Team Stats             Defense.fumblesLost     9.0     None  2025-06-01
23      1  Team Stats                   Defense.defTD     2.0     None  2025-06-01
24      1  Team Stats                 Defense.fumbles    21.0     None  2025-06-01
25      1  Team Stats        Defense.fumblesRecovered    18.0     None  2025-06-01
26      1  Team Stats             Defense.soloTackles   656.0     None  2025-06-01
27      1  Team Stats                  Defense.qbHits    76.0     None  2025-06-01
28      1  Team Stats        Defense.passingTDAllowed    20.0     None  2025-06-01
29      1  Team Stats         Defense.passDeflections    63.0     None  2025-06-01
30      1  Team Stats     Defense.passingYardsAllowed  3674.0     None  2025-06-01
31      1  Team Stats            Defense.totalTackles  1155.0     None  2025-06-01
32      1  Team Stats  Defense.defensiveInterceptions     9.0     None  2025-06-01
33      1  Team Stats                     Defense.tfl    87.0     None  2025-06-01
34      1  Team Stats     Defense.rushingYardsAllowed  2149.0     None  2025-06-01
35      1  Team Stats                   Defense.sacks    41.0     None  2025-06-01
36      1  Team Stats        Defense.rushingTDAllowed    18.0     None  2025-06-01
37      2  Team Stats                 Rushing.rushYds  2219.0     None  2025-06-01
38      2  Team Stats                 Rushing.carries   495.0     None  2025-06-01
39      2  Team Stats                  Rushing.rushTD    18.0     None  2025-06-01
40      2  Team Stats              Kicking.fgAttempts    41.0     None  2025-06-01
41      2  Team Stats                  Kicking.fgMade    29.0     None  2025-06-01
42      2  Team Stats                  Kicking.xpMade    38.0     None  2025-06-01
43      2  Team Stats                   Kicking.fgYds     0.0     None  2025-06-01
44      2  Team Stats               Kicking.kickYards     0.0     None  2025-06-01
45      2  Team Stats              Kicking.xpAttempts    38.0     None  2025-06-01
46      2  Team Stats            Passing.passAttempts   559.0     None  2025-06-01
47      2  Team Stats                  Passing.passTD    21.0     None  2025-06-01
48      2  Team Stats                 Passing.passYds  4283.0     None  2025-06-01
49      2  Team Stats                     Passing.int    19.0     None  2025-06-01
2025-06-01 19:48:50,896 INFO:Team Stats DataFrame shape: (1184, 6)
2025-06-01 19:48:50,896 INFO:Starting Processing Top Performers from raw JSON
2025-06-01 19:48:50,896 INFO:Found 32 teams in input
2025-06-01 19:48:50,896 INFO:Team 1 (ARI) - Top Performers Keys: ['Rushing', 'Kicking', 'Passing', 'Punting', 'Receiving', 'Defense']
2025-06-01 19:48:50,896 INFO:Team 2 (ATL) - Top Performers Keys: ['Rushing', 'Kicking', 'Passing', 'Punting', 'Receiving', 'Defense']
2025-06-01 19:48:50,896 INFO:Team 3 (BAL) - Top Performers Keys: ['Rushing', 'Kicking', 'Passing', 'Punting', 'Receiving', 'Defense']
2025-06-01 19:48:50,896 INFO:Team 4 (BUF) - Top Performers Keys: ['Rushing', 'Kicking', 'Passing', 'Punting', 'Receiving', 'Defense']
2025-06-01 19:48:50,896 INFO:Team 5 (CAR) - Top Performers Keys: ['Rushing', 'Kicking', 'Passing', 'Punting', 'Receiving', 'Defense']
2025-06-01 19:48:50,896 INFO:Team 6 (CHI) - Top Performers Keys: ['Rushing', 'Kicking', 'Passing', 'Punting', 'Receiving', 'Defense']
2025-06-01 19:48:50,896 INFO:Team 7 (CIN) - Top Performers Keys: ['Rushing', 'Kicking', 'Passing', 'Punting', 'Receiving', 'Defense']
2025-06-01 19:48:50,896 INFO:Team 8 (CLE) - Top Performers Keys: ['Rushing', 'Kicking', 'Passing', 'Punting', 'Receiving', 'Defense']
2025-06-01 19:48:50,896 INFO:Team 9 (DAL) - Top Performers Keys: ['Rushing', 'Kicking', 'Passing', 'Punting', 'Receiving', 'Defense']
2025-06-01 19:48:50,896 INFO:Team 10 (DEN) - Top Performers Keys: ['Rushing', 'Kicking', 'Passing', 'Punting', 'Receiving', 'Defense']
2025-06-01 19:48:50,896 INFO:Team 11 (DET) - Top Performers Keys: ['Rushing', 'Kicking', 'Passing', 'Punting', 'Receiving', 'Defense']
2025-06-01 19:48:50,896 INFO:Team 12 (GB) - Top Performers Keys: ['Rushing', 'Kicking', 'Passing', 'Punting', 'Receiving', 'Defense']
2025-06-01 19:48:50,896 INFO:Team 13 (HOU) - Top Performers Keys: ['Rushing', 'Kicking', 'Passing', 'Punting', 'Receiving', 'Defense']
2025-06-01 19:48:50,896 INFO:Team 14 (IND) - Top Performers Keys: ['Rushing', 'Kicking', 'Passing', 'Punting', 'Receiving', 'Defense']
2025-06-01 19:48:50,896 INFO:Team 15 (JAX) - Top Performers Keys: ['Rushing', 'Kicking', 'Passing', 'Punting', 'Receiving', 'Defense']
2025-06-01 19:48:50,896 INFO:Team 16 (KC) - Top Performers Keys: ['Rushing', 'Kicking', 'Passing', 'Punting', 'Receiving', 'Defense']
2025-06-01 19:48:50,897 INFO:Team 17 (LV) - Top Performers Keys: ['Rushing', 'Kicking', 'Passing', 'Punting', 'Receiving', 'Defense']
2025-06-01 19:48:50,897 INFO:Team 18 (LAC) - Top Performers Keys: ['Rushing', 'Kicking', 'Passing', 'Punting', 'Receiving', 'Defense']
2025-06-01 19:48:50,897 INFO:Team 19 (LAR) - Top Performers Keys: ['Rushing', 'Kicking', 'Passing', 'Punting', 'Receiving', 'Defense']
2025-06-01 19:48:50,897 INFO:Team 20 (MIA) - Top Performers Keys: ['Rushing', 'Kicking', 'Passing', 'Punting', 'Receiving', 'Defense']
2025-06-01 19:48:50,897 INFO:Team 21 (MIN) - Top Performers Keys: ['Rushing', 'Kicking', 'Passing', 'Punting', 'Receiving', 'Defense']
2025-06-01 19:48:50,897 INFO:Team 22 (NE) - Top Performers Keys: ['Rushing', 'Kicking', 'Passing', 'Punting', 'Receiving', 'Defense']
2025-06-01 19:48:50,897 INFO:Team 23 (NO) - Top Performers Keys: ['Rushing', 'Kicking', 'Passing', 'Punting', 'Receiving', 'Defense']
2025-06-01 19:48:50,897 INFO:Team 24 (NYG) - Top Performers Keys: ['Rushing', 'Kicking', 'Passing', 'Punting', 'Receiving', 'Defense']
2025-06-01 19:48:50,897 INFO:Team 25 (NYJ) - Top Performers Keys: ['Rushing', 'Kicking', 'Passing', 'Punting', 'Receiving', 'Defense']
2025-06-01 19:48:50,897 INFO:Team 26 (PIT) - Top Performers Keys: ['Rushing', 'Kicking', 'Passing', 'Punting', 'Receiving', 'Defense']
2025-06-01 19:48:50,897 INFO:Team 27 (PHI) - Top Performers Keys: ['Rushing', 'Kicking', 'Passing', 'Punting', 'Receiving', 'Defense']
2025-06-01 19:48:50,897 INFO:Team 28 (SF) - Top Performers Keys: ['Rushing', 'Kicking', 'Passing', 'Punting', 'Receiving', 'Defense']
2025-06-01 19:48:50,897 INFO:Team 29 (SEA) - Top Performers Keys: ['Rushing', 'Kicking', 'Passing', 'Punting', 'Receiving', 'Defense']
2025-06-01 19:48:50,897 INFO:Team 30 (TB) - Top Performers Keys: ['Rushing', 'Kicking', 'Passing', 'Punting', 'Receiving', 'Defense']
2025-06-01 19:48:50,897 INFO:Team 31 (TEN) - Top Performers Keys: ['Rushing', 'Kicking', 'Passing', 'Punting', 'Receiving', 'Defense']
2025-06-01 19:48:50,897 INFO:Team 32 (WSH) - Top Performers Keys: ['Rushing', 'Kicking', 'Passing', 'Punting', 'Receiving', 'Defense']
2025-06-01 19:48:50,898 INFO:Processed 1056 top performers.
2025-06-01 19:48:50,906 INFO:Top performers processed. DataFrame head:
   teamID          Level1                  Level2   Value PlayerID    dataDate
0       1  Top Performers                 rushYds  1094.0  3045147  2025-06-01
1       1  Top Performers                 carries   236.0  3045147  2025-06-01
2       1  Top Performers                  rushTD     8.0  3045147  2025-06-01
3       1  Top Performers              fgAttempts    32.0  4363538  2025-06-01
4       1  Top Performers                  fgMade    28.0  4363538  2025-06-01
5       1  Top Performers                  xpMade    26.0  4363538  2025-06-01
6       1  Top Performers                   fgYds     0.0     None  2025-06-01
7       1  Top Performers               kickYards     0.0     None  2025-06-01
8       1  Top Performers              xpAttempts    27.0  4363538  2025-06-01
9       1  Top Performers            passAttempts   541.0  3917315  2025-06-01
10      1  Top Performers                  passTD    21.0  3917315  2025-06-01
11      1  Top Performers                 passYds  3851.0  3917315  2025-06-01
12      1  Top Performers                     int    11.0  3917315  2025-06-01
13      1  Top Performers         passCompletions   372.0  3917315  2025-06-01
14      1  Top Performers                 puntYds  1887.0  4045180  2025-06-01
15      1  Top Performers                   punts    38.0  4045180  2025-06-01
16      1  Top Performers               puntsin20    19.0  4045180  2025-06-01
17      1  Top Performers          puntTouchBacks     1.0  4045180  2025-06-01
18      1  Top Performers              receptions   111.0  4361307  2025-06-01
19      1  Top Performers                   recTD     8.0  4432708  2025-06-01
20      1  Top Performers                 targets   147.0  4361307  2025-06-01
21      1  Top Performers                  recYds  1146.0  4361307  2025-06-01
22      1  Top Performers            totalTackles   164.0  3127287  2025-06-01
23      1  Top Performers             fumblesLost     4.0  3917315  2025-06-01
24      1  Top Performers                   defTD     1.0  4361307  2025-06-01
25      1  Top Performers                 fumbles     8.0  3917315  2025-06-01
26      1  Top Performers        fumblesRecovered     3.0  3917315  2025-06-01
27      1  Top Performers             soloTackles    95.0  3127287  2025-06-01
28      1  Top Performers  defensiveInterceptions     3.0  3932886  2025-06-01
29      1  Top Performers                  qbHits    18.0  2979860  2025-06-01
30      1  Top Performers                     tfl    12.0    11284  2025-06-01
31      1  Top Performers         passDeflections     9.0  4568506  2025-06-01
32      1  Top Performers                   sacks     8.0  3693166  2025-06-01
33      2  Top Performers                 rushYds  1456.0  4430807  2025-06-01
34      2  Top Performers                 carries   304.0  4430807  2025-06-01
35      2  Top Performers                  rushTD    14.0  4430807  2025-06-01
36      2  Top Performers              fgAttempts    34.0  3049899  2025-06-01
37      2  Top Performers                  fgMade    25.0  3049899  2025-06-01
38      2  Top Performers                  xpMade    26.0  3049899  2025-06-01
39      2  Top Performers                   fgYds     0.0     None  2025-06-01
40      2  Top Performers               kickYards     0.0     None  2025-06-01
41      2  Top Performers              xpAttempts    26.0  3049899  2025-06-01
42      2  Top Performers            passAttempts   453.0    14880  2025-06-01
43      2  Top Performers                  passTD    18.0    14880  2025-06-01
44      2  Top Performers                 passYds  3508.0    14880  2025-06-01
45      2  Top Performers                     int    16.0    14880  2025-06-01
46      2  Top Performers         passCompletions   303.0    14880  2025-06-01
47      2  Top Performers                 puntYds  2209.0  2977680  2025-06-01
48      2  Top Performers                   punts    47.0  2977680  2025-06-01
49      2  Top Performers               puntsin20    14.0  2977680  2025-06-01
2025-06-01 19:48:50,906 INFO:Top Performers DataFrame shape: (1056, 6)
2025-06-01 19:48:50,914 WARNING:There are 224 rows with non-numeric 'Value' fields.
2025-06-01 19:48:50,924 INFO:BigQuery payload size: 2528 rows.
2025-06-01 19:48:50,925 INFO:First 5 rows of BigQuery payload: [{'teamID': '1', 'teamAbv': 'ARI', 'teamCity': 'Arizona', 'teamName': 'Cardinals', 'conference': 'National Football Conference', 'division': 'West', 'Level1': 'Team Info', 'Level2': 'teamName', 'Value': None, 'PlayerID': None, 'dataDate': '2025-06-01'}, {'teamID': '2', 'teamAbv': 'ATL', 'teamCity': 'Atlanta', 'teamName': 'Falcons', 'conference': 'National Football Conference', 'division': 'South', 'Level1': 'Team Info', 'Level2': 'teamName', 'Value': None, 'PlayerID': None, 'dataDate': '2025-06-01'}, {'teamID': '3', 'teamAbv': 'BAL', 'teamCity': 'Baltimore', 'teamName': 'Ravens', 'conference': 'American Football Conference', 'division': 'North', 'Level1': 'Team Info', 'Level2': 'teamName', 'Value': None, 'PlayerID': None, 'dataDate': '2025-06-01'}, {'teamID': '4', 'teamAbv': 'BUF', 'teamCity': 'Buffalo', 'teamName': 'Bills', 'conference': 'American Football Conference', 'division': 'East', 'Level1': 'Team Info', 'Level2': 'teamName', 'Value': None, 'PlayerID': None, 'dataDate': '2025-06-01'}, {'teamID': '5', 'teamAbv': 'CAR', 'teamCity': 'Carolina', 'teamName': 'Panthers', 'conference': 'National Football Conference', 'division': 'South', 'Level1': 'Team Info', 'Level2': 'teamName', 'Value': None, 'PlayerID': None, 'dataDate': '2025-06-01'}]
2025-06-01 19:48:54,246 INFO:Successfully inserted 2528 rows into BigQuery.
2025-06-01 19:48:54,246 INFO:Inserted 2528 rows for 2025-06-01 into BigQuery.
2025-06-01 19:48:54,247 INFO:Cycle count for NFL Teams API Call incremented to 1
2025-06-01 19:48:54,248 INFO:Max cycles reached for NFL Teams API Call.
2025-06-01 19:48:54,248 INFO:127.0.0.1 - - [01/Jun/2025 19:48:54] "GET /test?load_date=2025-06-01 HTTP/1.1" 200 -
